Using 
Master node: node155
Master port: 37055
Number of nodes: 1
GPUs per node: 1
node155:2415132:2415132 [0] NCCL INFO Bootstrap : Using eth0:10.30.3.44<0>
node155:2415132:2415132 [0] NCCL INFO NET/Plugin: No plugin found (libnccl-net.so)
node155:2415132:2415132 [0] NCCL INFO NET/Plugin: Plugin load returned 2 : libnccl-net.so: cannot open shared object file: No such file or directory : when loading libnccl-net.so
node155:2415132:2415132 [0] NCCL INFO NET/Plugin: Using internal network plugin.
node155:2415132:2415132 [0] NCCL INFO cudaDriverVersion 12060
NCCL version 2.21.5+cuda12.4
node155:2415132:2415564 [0] NCCL INFO NET/IB : No device found.
node155:2415132:2415564 [0] NCCL INFO NET/Socket : Using [0]eth0:10.30.3.44<0>
node155:2415132:2415564 [0] NCCL INFO Using non-device net plugin version 0
node155:2415132:2415564 [0] NCCL INFO Using network Socket
node155:2415132:2415564 [0] NCCL INFO ncclCommInitRank comm 0x18146130 rank 0 nranks 1 cudaDev 0 nvmlDev 0 busId 70 commId 0xc748b7f81e155cb1 - Init START
node155:2415132:2415564 [0] NCCL INFO comm 0x18146130 rank 0 nRanks 1 nNodes 1 localRanks 1 localRank 0 MNNVL 0
node155:2415132:2415564 [0] NCCL INFO Channel 00/32 :    0
node155:2415132:2415564 [0] NCCL INFO Channel 01/32 :    0
node155:2415132:2415564 [0] NCCL INFO Channel 02/32 :    0
node155:2415132:2415564 [0] NCCL INFO Channel 03/32 :    0
node155:2415132:2415564 [0] NCCL INFO Channel 04/32 :    0
node155:2415132:2415564 [0] NCCL INFO Channel 05/32 :    0
node155:2415132:2415564 [0] NCCL INFO Channel 06/32 :    0
node155:2415132:2415564 [0] NCCL INFO Channel 07/32 :    0
node155:2415132:2415564 [0] NCCL INFO Channel 08/32 :    0
node155:2415132:2415564 [0] NCCL INFO Channel 09/32 :    0
node155:2415132:2415564 [0] NCCL INFO Channel 10/32 :    0
node155:2415132:2415564 [0] NCCL INFO Channel 11/32 :    0
node155:2415132:2415564 [0] NCCL INFO Channel 12/32 :    0
node155:2415132:2415564 [0] NCCL INFO Channel 13/32 :    0
node155:2415132:2415564 [0] NCCL INFO Channel 14/32 :    0
node155:2415132:2415564 [0] NCCL INFO Channel 15/32 :    0
node155:2415132:2415564 [0] NCCL INFO Channel 16/32 :    0
node155:2415132:2415564 [0] NCCL INFO Channel 17/32 :    0
node155:2415132:2415564 [0] NCCL INFO Channel 18/32 :    0
node155:2415132:2415564 [0] NCCL INFO Channel 19/32 :    0
node155:2415132:2415564 [0] NCCL INFO Channel 20/32 :    0
node155:2415132:2415564 [0] NCCL INFO Channel 21/32 :    0
node155:2415132:2415564 [0] NCCL INFO Channel 22/32 :    0
node155:2415132:2415564 [0] NCCL INFO Channel 23/32 :    0
node155:2415132:2415564 [0] NCCL INFO Channel 24/32 :    0
node155:2415132:2415564 [0] NCCL INFO Channel 25/32 :    0
node155:2415132:2415564 [0] NCCL INFO Channel 26/32 :    0
node155:2415132:2415564 [0] NCCL INFO Channel 27/32 :    0
node155:2415132:2415564 [0] NCCL INFO Channel 28/32 :    0
node155:2415132:2415564 [0] NCCL INFO Channel 29/32 :    0
node155:2415132:2415564 [0] NCCL INFO Channel 30/32 :    0
node155:2415132:2415564 [0] NCCL INFO Channel 31/32 :    0
node155:2415132:2415564 [0] NCCL INFO Trees [0] -1/-1/-1->0->-1 [1] -1/-1/-1->0->-1 [2] -1/-1/-1->0->-1 [3] -1/-1/-1->0->-1 [4] -1/-1/-1->0->-1 [5] -1/-1/-1->0->-1 [6] -1/-1/-1->0->-1 [7] -1/-1/-1->0->-1 [8] -1/-1/-1->0->-1 [9] -1/-1/-1->0->-1 [10] -1/-1/-1->0->-1 [11] -1/-1/-1->0->-1 [12] -1/-1/-1->0->-1 [13] -1/-1/-1->0->-1 [14] -1/-1/-1->0->-1 [15] -1/-1/-1->0->-1 [16] -1/-1/-1->0->-1 [17] -1/-1/-1->0->-1 [18] -1/-1/-1->0->-1 [19] -1/-1/-1->0->-1 [20] -1/-1/-1->0->-1 [21] -1/-1/-1->0->-1 [22] -1/-1/-1->0->-1 [23] -1/-1/-1->0->-1 [24] -1/-1/-1->0->-1 [25] -1/-1/-1->0->-1 [26] -1/-1/-1->0->-1 [27] -1/-1/-1->0->-1 [28] -1/-1/-1->0->-1 [29] -1/-1/-1->0->-1 [30] -1/-1/-1->0->-1 [31] -1/-1/-1->0->-1
node155:2415132:2415564 [0] NCCL INFO P2P Chunksize set to 131072
node155:2415132:2415564 [0] NCCL INFO Connected all rings
node155:2415132:2415564 [0] NCCL INFO Connected all trees
node155:2415132:2415564 [0] NCCL INFO 32 coll channels, 32 collnet channels, 0 nvls channels, 32 p2p channels, 32 p2p channels per peer
node155:2415132:2415564 [0] NCCL INFO TUNER/Plugin: Plugin load returned 2 : libnccl-net.so: cannot open shared object file: No such file or directory : when loading libnccl-tuner.so
node155:2415132:2415564 [0] NCCL INFO TUNER/Plugin: Using internal tuner plugin.
node155:2415132:2415564 [0] NCCL INFO ncclCommInitRank comm 0x18146130 rank 0 nranks 1 cudaDev 0 nvmlDev 0 busId 70 commId 0xc748b7f81e155cb1 - Init COMPLETE
Sanity Checking: |          | 0/? [00:00<?, ?it/s]Sanity Checking:   0%|          | 0/2 [00:00<?, ?it/s]Sanity Checking DataLoader 0:   0%|          | 0/2 [00:00<?, ?it/s]node155:2415132:2415565 [0] NCCL INFO [Service thread] Connection closed by localRank 0
node155:2415132:2415581 [0] NCCL INFO comm 0x18146130 rank 0 nranks 1 cudaDev 0 busId 70 - Abort COMPLETE
                                                                   