Using 
Master node: node155
Master port: 58335
Number of nodes: 1
GPUs per node: 2
[03/10/25 23:07:35] WARNING  root - WARNING - Supported         attention.py:164
                             flash-attn versions are >= 2.1.1,                  
                             <= 2.6.3. Found flash-attn 2.7.3.                  
[03/10/25 23:08:15] WARNING  root - WARNING - Supported         attention.py:164
                             flash-attn versions are >= 2.1.1,                  
                             <= 2.6.3. Found flash-attn 2.7.3.                  
[03/10/25 23:08:15] WARNING  root - WARNING - Supported         attention.py:164
                             flash-attn versions are >= 2.1.1,                  
                             <= 2.6.3. Found flash-attn 2.7.3.                  
node155:2211828:2211828 [0] NCCL INFO Bootstrap : Using eth0:10.30.3.44<0>
node155:2211828:2211828 [0] NCCL INFO NET/Plugin: No plugin found (libnccl-net.so)
node155:2211828:2211828 [0] NCCL INFO NET/Plugin: Plugin load returned 2 : libnccl-net.so: cannot open shared object file: No such file or directory : when loading libnccl-net.so
node155:2211828:2211828 [0] NCCL INFO NET/Plugin: Using internal network plugin.
node155:2211828:2211828 [0] NCCL INFO cudaDriverVersion 12060
NCCL version 2.21.5+cuda12.4
node155:2211829:2211829 [1] NCCL INFO cudaDriverVersion 12060
node155:2211829:2211829 [1] NCCL INFO Bootstrap : Using eth0:10.30.3.44<0>
node155:2211829:2211829 [1] NCCL INFO NET/Plugin: No plugin found (libnccl-net.so)
node155:2211829:2211829 [1] NCCL INFO NET/Plugin: Plugin load returned 2 : libnccl-net.so: cannot open shared object file: No such file or directory : when loading libnccl-net.so
node155:2211829:2211829 [1] NCCL INFO NET/Plugin: Using internal network plugin.
node155:2211829:2212242 [1] NCCL INFO NET/IB : No device found.
node155:2211829:2212242 [1] NCCL INFO NET/Socket : Using [0]eth0:10.30.3.44<0>
node155:2211829:2212242 [1] NCCL INFO Using non-device net plugin version 0
node155:2211829:2212242 [1] NCCL INFO Using network Socket
node155:2211828:2212241 [0] NCCL INFO NET/IB : No device found.
node155:2211828:2212241 [0] NCCL INFO NET/Socket : Using [0]eth0:10.30.3.44<0>
node155:2211828:2212241 [0] NCCL INFO Using non-device net plugin version 0
node155:2211828:2212241 [0] NCCL INFO Using network Socket
node155:2211828:2212241 [0] NCCL INFO ncclCommInitRank comm 0xd144170 rank 0 nranks 2 cudaDev 0 nvmlDev 0 busId 60 commId 0x7f157a327bfc622b - Init START
node155:2211829:2212242 [1] NCCL INFO ncclCommInitRank comm 0xcced770 rank 1 nranks 2 cudaDev 1 nvmlDev 1 busId 90 commId 0x7f157a327bfc622b - Init START
node155:2211828:2212241 [0] NCCL INFO comm 0xd144170 rank 0 nRanks 2 nNodes 1 localRanks 2 localRank 0 MNNVL 0
node155:2211829:2212242 [1] NCCL INFO comm 0xcced770 rank 1 nRanks 2 nNodes 1 localRanks 2 localRank 1 MNNVL 0
node155:2211828:2212241 [0] NCCL INFO Channel 00/04 :    0   1
node155:2211829:2212242 [1] NCCL INFO Trees [0] -1/-1/-1->1->0 [1] 0/-1/-1->1->-1 [2] -1/-1/-1->1->0 [3] 0/-1/-1->1->-1
node155:2211828:2212241 [0] NCCL INFO Channel 01/04 :    0   1
node155:2211829:2212242 [1] NCCL INFO P2P Chunksize set to 131072
node155:2211828:2212241 [0] NCCL INFO Channel 02/04 :    0   1
node155:2211828:2212241 [0] NCCL INFO Channel 03/04 :    0   1
node155:2211828:2212241 [0] NCCL INFO Trees [0] 1/-1/-1->0->-1 [1] -1/-1/-1->0->1 [2] 1/-1/-1->0->-1 [3] -1/-1/-1->0->1
node155:2211828:2212241 [0] NCCL INFO P2P Chunksize set to 131072
node155:2211829:2212242 [1] NCCL INFO Channel 00 : 1[1] -> 0[0] via SHM/direct/direct
node155:2211829:2212242 [1] NCCL INFO Channel 01 : 1[1] -> 0[0] via SHM/direct/direct
node155:2211829:2212242 [1] NCCL INFO Channel 02 : 1[1] -> 0[0] via SHM/direct/direct
node155:2211829:2212242 [1] NCCL INFO Channel 03 : 1[1] -> 0[0] via SHM/direct/direct
node155:2211828:2212241 [0] NCCL INFO Channel 00 : 0[0] -> 1[1] via SHM/direct/direct
node155:2211828:2212241 [0] NCCL INFO Channel 01 : 0[0] -> 1[1] via SHM/direct/direct
node155:2211828:2212241 [0] NCCL INFO Channel 02 : 0[0] -> 1[1] via SHM/direct/direct
node155:2211828:2212241 [0] NCCL INFO Channel 03 : 0[0] -> 1[1] via SHM/direct/direct
node155:2211829:2212242 [1] NCCL INFO Connected all rings
node155:2211828:2212241 [0] NCCL INFO Connected all rings
node155:2211829:2212242 [1] NCCL INFO Connected all trees
node155:2211828:2212241 [0] NCCL INFO Connected all trees
node155:2211829:2212242 [1] NCCL INFO threadThresholds 8/8/64 | 16/8/64 | 512 | 512
node155:2211829:2212242 [1] NCCL INFO 4 coll channels, 4 collnet channels, 0 nvls channels, 4 p2p channels, 2 p2p channels per peer
node155:2211828:2212241 [0] NCCL INFO threadThresholds 8/8/64 | 16/8/64 | 512 | 512
node155:2211828:2212241 [0] NCCL INFO 4 coll channels, 4 collnet channels, 0 nvls channels, 4 p2p channels, 2 p2p channels per peer
node155:2211829:2212242 [1] NCCL INFO TUNER/Plugin: Plugin load returned 2 : libnccl-net.so: cannot open shared object file: No such file or directory : when loading libnccl-tuner.so
node155:2211829:2212242 [1] NCCL INFO TUNER/Plugin: Using internal tuner plugin.
node155:2211829:2212242 [1] NCCL INFO ncclCommInitRank comm 0xcced770 rank 1 nranks 2 cudaDev 1 nvmlDev 1 busId 90 commId 0x7f157a327bfc622b - Init COMPLETE
node155:2211828:2212241 [0] NCCL INFO TUNER/Plugin: Plugin load returned 2 : libnccl-net.so: cannot open shared object file: No such file or directory : when loading libnccl-tuner.so
node155:2211828:2212241 [0] NCCL INFO TUNER/Plugin: Using internal tuner plugin.
node155:2211828:2212241 [0] NCCL INFO ncclCommInitRank comm 0xd144170 rank 0 nranks 2 cudaDev 0 nvmlDev 0 busId 60 commId 0x7f157a327bfc622b - Init COMPLETE
0
node rank: 0
global rank: 0
world size: 2
Process 0 passed barrier
0
node rank: 0
global rank: 1
world size: 2
Process 1 passed barrier
node155:2211829:2212243 [1] NCCL INFO [Service thread] Connection closed by localRank 1
node155:2211829:2212494 [1] NCCL INFO comm 0xcced770 rank 1 nranks 2 cudaDev 1 busId 90 - Abort COMPLETE
Extra keys in state_dict: {'blocks.17.mixer.dense._extra_state', 'blocks.10.mixer.dense._extra_state', 'blocks.3.mixer.dense._extra_state', 'unembed.weight', 'blocks.24.mixer.dense._extra_state'}
Took 4.189965009689331 seconds to process 16.
Took 1.7773685455322266 seconds to process 16.
Took 8.664700508117676 seconds to process 16.
node155:2211828:2212244 [0] NCCL INFO [Service thread] Connection closed by localRank 0
node155:2211828:2212496 [0] NCCL INFO comm 0xd144170 rank 0 nranks 2 cudaDev 0 busId 60 - Abort COMPLETE
Extra keys in state_dict: {'blocks.24.mixer.dense._extra_state', 'unembed.weight', 'blocks.17.mixer.dense._extra_state', 'blocks.10.mixer.dense._extra_state', 'blocks.3.mixer.dense._extra_state'}
Took 3.691673755645752 seconds to process 16.
Took 1.9635207653045654 seconds to process 16.
Took 3.4802021980285645 seconds to process 16.
Took 31.451617002487183 seconds to process 9.
